
> yuan-field-commander@0.0.1 build
> vite build

vite v8.0.10 building client environment for production...
[2Ktransforming...✓ 15 modules transformed.
✗ Build failed in 236ms
error during build:
Build failed with 1 error:

[plugin vite:css] /workspaces/meta-field-commander/src/index.css:undefined:NaN
Error: [postcss] It looks like you're trying to use `tailwindcss` directly as a PostCSS plugin. The PostCSS plugin has moved to a separate package, so to continue using Tailwind CSS with PostCSS you'll need to install `@tailwindcss/postcss` and update your PostCSS configuration.
    at ft (/workspaces/meta-field-commander/node_modules/tailwindcss/dist/lib.js:38:1643)
    at LazyResult.runOnRoot (/workspaces/meta-field-commander/node_modules/postcss/lib/lazy-result.js:361:16)
    at LazyResult.runAsync (/workspaces/meta-field-commander/node_modules/postcss/lib/lazy-result.js:290:26)
    at LazyResult.async (/workspaces/meta-field-commander/node_modules/postcss/lib/lazy-result.js:192:30)
    at LazyResult.then (/workspaces/meta-field-commander/node_modules/postcss/lib/lazy-result.js:449:17)
    at aggregateBindingErrorsIntoJsError (file:///workspaces/meta-field-commander/node_modules/rolldown/dist/shared/error-DL-e8-oE.mjs:48:18)
    at unwrapBindingResult (file:///workspaces/meta-field-commander/node_modules/rolldown/dist/shared/error-DL-e8-oE.mjs:18:128)
    at #build (file:///workspaces/meta-field-commander/node_modules/rolldown/dist/shared/rolldown-build-DSxL8qiP.mjs:3317:34)
    at async buildEnvironment (file:///workspaces/meta-field-commander/node_modules/vite/dist/node/chunks/node.js:33018:64)
    at async Object.build (file:///workspaces/meta-field-commander/node_modules/vite/dist/node/chunks/node.js:33440:19)
    at async Object.buildApp (file:///workspaces/meta-field-commander/node_modules/vite/dist/node/chunks/node.js:33437:153)
    at async CAC.<anonymous> (file:///workspaces/meta-field-commander/node_modules/vite/dist/node/cli.js:778:3) {
  errors: [Getter/Setter]
}
